Script started on 2022-02-02 17:33:58+05:30 [TERM="xterm-256color" TTY="/dev/tty1" COLUMNS="120" LINES="30"]
]0;chetan@DESKTOP-HJFUIMN: ~[01;32mchetan@DESKTOP-HJFUIMN[00m:[01;34m~[00m$ git config --list --show-origin
[?1h=[K[?1l>]0;chetan@DESKTOP-HJFUIMN: ~[01;32mchetan@DESKTOP-HJFUIMN[00m:[01;34m~[00m$ git config --global username[K[K[K[K.name ""C"h"e"t"a"n"[C
]0;chetan@DESKTOP-HJFUIMN: ~[01;32mchetan@DESKTOP-HJFUIMN[00m:[01;34m~[00m$ git config --global user.name "Chetan"[1P "Chetan"[1P "Chetan"[1P "Chetan"[1P "Chetan"e "Chetan"m "Chetan"a "Chetan"i "Chetan"l "Chetan"[C[C[C[C[C[C[C[C."s"u"b"r"a"m"a"n"i"@"t"i"g"e"r"a"n"a"l"y"t"i"c"s"."c"o"m"[1PChetan.subramani@tigeranalytics.com""Chetan.subramani@tigeranalytics.com"[C[1Phetan.subramani@tigeranalytics.com"chetan.subramani@tigeranalytics.com"[C[C[C[C[C[C[C[C[C[C[C[C[C[C[C[C[C[C[C[C[C[C[C[C[C[C[C[C[C[C[C[C[C[C[C
]0;chetan@DESKTOP-HJFUIMN: ~[01;32mchetan@DESKTOP-HJFUIMN[00m:[01;34m~[00m$ git config --global user.email "chetan.subramani@tigeranalytics.com"name "Chetan"[K[7Plist --show-origin[K[K[K[K[K[K[K[K[K[K[K[K[K[K
[?1h=user.name=Chetan[m
user.email=chetan.subramani@tigeranalytics.com[m
[K[?1l>]0;chetan@DESKTOP-HJFUIMN: ~[01;32mchetan@DESKTOP-HJFUIMN[00m:[01;34m~[00m$ exist[K[K[K[K[Kgit config --list[K[K[K[K[K[Kuser.name
Chetan
]0;chetan@DESKTOP-HJFUIMN: ~[01;32mchetan@DESKTOP-HJFUIMN[00m:[01;34m~[00m$ exit
exit

Script done on 2022-02-02 17:37:16+05:30 [COMMAND_EXIT_CODE="0"]
Script started on 2022-02-02 17:38:14+05:30 [TERM="xterm-256color" TTY="/dev/tty1" COLUMNS="120" LINES="30"]
]0;chetan@DESKTOP-HJFUIMN: ~[01;32mchetan@DESKTOP-HJFUIMN[00m:[01;34m~[00m$ git help config
[?1049h[22;0;0t[?1h=GIT-CONFIG(1)                                         Git Manual                                        GIT-CONFIG(1)[m
[m
[1mNAME[0m[m
       git-config - Get and set repository or global options[m
[m
[1mSYNOPSIS[0m[m
       [4mgit[24m [4mconfig[24m [<file-option>] [--type=<type>] [--show-origin] [-z|--null] name [value [value_regex]][m
       [4mgit[24m [4mconfig[24m [<file-option>] [--type=<type>] --add name value[m
       [4mgit[24m [4mconfig[24m [<file-option>] [--type=<type>] --replace-all name value [value_regex][m
       [4mgit[24m [4mconfig[24m [<file-option>] [--type=<type>] [--show-origin] [-z|--null] --get name [value_regex][m
       [4mgit[24m [4mconfig[24m [<file-option>] [--type=<type>] [--show-origin] [-z|--null] --get-all name [value_regex][m
       [4mgit[24m [4mconfig[24m [<file-option>] [--type=<type>] [--show-origin] [-z|--null] [--name-only] --get-regexp name_regex [val[m ue_regex][m
       [4mgit[24m [4mconfig[24m [<file-option>] [--type=<type>] [-z|--null] --get-urlmatch name URL[m
       [4mgit[24m [4mconfig[24m [<file-option>] --unset name [value_regex][m
       [4mgit[24m [4mconfig[24m [<file-option>] --unset-all name [value_regex][m
       [4mgit[24m [4mconfig[24m [<file-option>] --rename-section old_name new_name[m
       [4mgit[24m [4mconfig[24m [<file-option>] --remove-section name[m
       [4mgit[24m [4mconfig[24m [<file-option>] [--show-origin] [-z|--null] [--name-only] -l | --list[m
       [4mgit[24m [4mconfig[24m [<file-option>] --get-color name [default][m
       [4mgit[24m [4mconfig[24m [<file-option>] --get-colorbool name [stdout-is-tty][m
       [4mgit[24m [4mconfig[24m [<file-option>] -e | --edit[m
[m
[1mDESCRIPTION[0m[m
       You can query/set/replace/unset options with this command. The name is actually the section and the key[m
       separated by a dot, and the value will be escaped.[m
[m
       Multiple lines can be added to an option by using the [1m--add[0m option. If you want to update or unset an option[m
       which can occur on multiple lines, a POSIX regexp [1mvalue_regex[0m needs to be given. Only the existing values that[m
[7m Manual page git-config(1) line 1 (press h for help or q to quit)[27m[K[K[?1l>[?1049l[23;0;0t]0;chetan@DESKTOP-HJFUIMN: ~[01;32mchetan@DESKTOP-HJFUIMN[00m:[01;34m~[00m$ git add -h
usage: git add [<options>] [--] <pathspec>...

    -n, --dry-run         dry run
    -v, --verbose         be verbose

    -i, --interactive     interactive picking
    -p, --patch           select hunks interactively
    -e, --edit            edit current diff and apply
    -f, --force           allow adding otherwise ignored files
    -u, --update          update tracked files
    --renormalize         renormalize EOL of tracked files (implies -u)
    -N, --intent-to-add   record only the fact that the path will be added later
    -A, --all             add changes from all tracked and untracked files
    --ignore-removal      ignore paths removed in the working tree (same as --no-all)
    --refresh             don't add, only refresh the index
    --ignore-errors       just skip files which cannot be added because of errors
    --ignore-missing      check if - even missing - files are ignored in dry run
    --chmod (+|-)x        override the executable bit of the listed files
    --pathspec-from-file <file>
                          read pathspec from file
    --pathspec-file-nul   with --pathspec-from-file, pathspec elements are separated with NUL character

]0;chetan@DESKTOP-HJFUIMN: ~[01;32mchetan@DESKTOP-HJFUIMN[00m:[01;34m~[00m$ exit
exit

Script done on 2022-02-02 17:38:46+05:30 [COMMAND_EXIT_CODE="129"]
Script started on 2022-02-02 20:47:28+05:30 [TERM="xterm-256color" TTY="/dev/tty2" COLUMNS="120" LINES="30"]
]0;chetan@DESKTOP-HJFUIMN: ~[01;32mchetan@DESKTOP-HJFUIMN[00m:[01;34m~[00m$ cd/home/user/my_project
bash: cd/home/user/my_project: No such file or directory
]0;chetan@DESKTOP-HJFUIMN: ~[01;32mchetan@DESKTOP-HJFUIMN[00m:[01;34m~[00m$ cd reps][K[Kositories
]0;chetan@DESKTOP-HJFUIMN: ~/repositories[01;32mchetan@DESKTOP-HJFUIMN[00m:[01;34m~/repositories[00m$ [K]0;chetan@DESKTOP-HJFUIMN: ~/repositories[01;32mchetan@DESKTOP-HJFUIMN[00m:[01;34m~/repositories[00m$ [K]0;chetan@DESKTOP-HJFUIMN: ~/repositories[01;32mchetan@DESKTOP-HJFUIMN[00m:[01;34m~/repositories[00m$ [K]0;chetan@DESKTOP-HJFUIMN: ~/repositories[01;32mchetan@DESKTOP-HJFUIMN[00m:[01;34m~/repositories[00m$ [K]0;chetan@DESKTOP-HJFUIMN: ~/repositories[01;32mchetan@DESKTOP-HJFUIMN[00m:[01;34m~/repositories[00m$ [K]0;chetan@DESKTOP-HJFUIMN: ~/repositories[01;32mchetan@DESKTOP-HJFUIMN[00m:[01;34m~/repositories[00m$ [K]0;chetan@DESKTOP-HJFUIMN: ~/repositories[01;32mchetan@DESKTOP-HJFUIMN[00m:[01;34m~/repositories[00m$ [K]0;chetan@DESKTOP-HJFUIMN: ~/repositories[01;32mchetan@DESKTOP-HJFUIMN[00m:[01;34m~/repositories[00m$ [K]0;chetan@DESKTOP-HJFUIMN: ~/repositories[01;32mchetan@DESKTOP-HJFUIMN[00m:[01;34m~/repositories[00m$ [K]0;chetan@DESKTOP-HJFUIMN: ~/repositories[01;32mchetan@DESKTOP-HJFUIMN[00m:[01;34m~/repositories[00m$ [K]0;chetan@DESKTOP-HJFUIMN: ~/repositories[01;32mchetan@DESKTOP-HJFUIMN[00m:[01;34m~/repositories[00m$ [K]0;chetan@DESKTOP-HJFUIMN: ~/repositories[01;32mchetan@DESKTOP-HJFUIMN[00m:[01;34m~/repositories[00m$ [K]0;chetan@DESKTOP-HJFUIMN: ~/repositories[01;32mchetan@DESKTOP-HJFUIMN[00m:[01;34m~/repositories[00m$ [K]0;chetan@DESKTOP-HJFUIMN: ~/repositories[01;32mchetan@DESKTOP-HJFUIMN[00m:[01;34m~/repositories[00m$ [K]0;chetan@DESKTOP-HJFUIMN: ~/repositories[01;32mchetan@DESKTOP-HJFUIMN[00m:[01;34m~/repositories[00m$ [K]0;chetan@DESKTOP-HJFUIMN: ~/repositories[01;32mchetan@DESKTOP-HJFUIMN[00m:[01;34m~/repositories[00m$ [K]0;chetan@DESKTOP-HJFUIMN: ~/repositories[01;32mchetan@DESKTOP-HJFUIMN[00m:[01;34m~/repositories[00m$ git clone [K]0;chetan@DESKTOP-HJFUIMN: ~/repositories[01;32mchetan@DESKTOP-HJFUIMN[00m:[01;34m~/repositories[00m$ git clone [K]0;chetan@DESKTOP-HJFUIMN: ~/repositories[01;32mchetan@DESKTOP-HJFUIMN[00m:[01;34m~/repositories[00m$ git clone https://github.com/subramanichetan/chapter2.git
Cloning into 'chapter2'...
remote: Enumerating objects: 3, done.[K
remote: Counting objects:  33% (1/3)[Kremote: Counting objects:  66% (2/3)[Kremote: Counting objects: 100% (3/3)[Kremote: Counting objects: 100% (3/3), done.[K
remote: Total 3 (delta 0), reused 0 (delta 0), pack-reused 0[K
Receiving objects:  33% (1/3)Receiving objects:  66% (2/3)Receiving objects: 100% (3/3)Receiving objects: 100% (3/3), done.
]0;chetan@DESKTOP-HJFUIMN: ~/repositories[01;32mchetan@DESKTOP-HJFUIMN[00m:[01;34m~/repositories[00m$ cd chapter2/
]0;chetan@DESKTOP-HJFUIMN: ~/repositories/chapter2[01;32mchetan@DESKTOP-HJFUIMN[00m:[01;34m~/repositories/chapter2[00m$ git status
On branch main
Your branch is up to date with 'origin/main'.

nothing to commit, working tree clean
]0;chetan@DESKTOP-HJFUIMN: ~/repositories/chapter2[01;32mchetan@DESKTOP-HJFUIMN[00m:[01;34m~/repositories/chapter2[00m$ echo ''m'y' 'p'r'o'j'e'c't'[C > README
]0;chetan@DESKTOP-HJFUIMN: ~/repositories/chapter2[01;32mchetan@DESKTOP-HJFUIMN[00m:[01;34m~/repositories/chapter2[00m$ git status
On branch main
Your branch is up to date with 'origin/main'.

Untracked files:
  (use "git add <file>..." to include in what will be committed)
	[31mREADME[m

nothing added to commit but untracked files present (use "git add" to track)
]0;chetan@DESKTOP-HJFUIMN: ~/repositories/chapter2[01;32mchetan@DESKTOP-HJFUIMN[00m:[01;34m~/repositories/chapter2[00m$ git add README
]0;chetan@DESKTOP-HJFUIMN: ~/repositories/chapter2[01;32mchetan@DESKTOP-HJFUIMN[00m:[01;34m~/repositories/chapter2[00m$ GIT STA[K[K[K[K[K[K[Kgit status
On branch main
Your branch is up to date with 'origin/main'.

Changes to be committed:
  (use "git restore --staged <file>..." to unstage)
	[32mnew file:   README[m

]0;chetan@DESKTOP-HJFUIMN: ~/repositories/chapter2[01;32mchetan@DESKTOP-HJFUIMN[00m:[01;34m~/repositories/chapter2[00m$ git add [K[K[K[K[K[K[K[Ktouch co[K[KCONTRIBUTING.md
]0;chetan@DESKTOP-HJFUIMN: ~/repositories/chapter2[01;32mchetan@DESKTOP-HJFUIMN[00m:[01;34m~/repositories/chapter2[00m$ git status
On branch main
Your branch is up to date with 'origin/main'.

Changes to be committed:
  (use "git restore --staged <file>..." to unstage)
	[32mnew file:   README[m

Untracked files:
  (use "git add <file>..." to include in what will be committed)
	[31mCONTRIBUTING.md[m

]0;chetan@DESKTOP-HJFUIMN: ~/repositories/chapter2[01;32mchetan@DESKTOP-HJFUIMN[00m:[01;34m~/repositories/chapter2[00m$ code .
]0;chetan@DESKTOP-HJFUIMN: ~/repositories/chapter2[01;32mchetan@DESKTOP-HJFUIMN[00m:[01;34m~/repositories/chapter2[00m$ git status
On branch main
Your branch is up to date with 'origin/main'.

Changes to be committed:
  (use "git restore --staged <file>..." to unstage)
	[32mnew file:   README[m

Untracked files:
  (use "git add <file>..." to include in what will be committed)
	[31mCONTRIBUTING.md[m

]0;chetan@DESKTOP-HJFUIMN: ~/repositories/chapter2[01;32mchetan@DESKTOP-HJFUIMN[00m:[01;34m~/repositories/chapter2[00m$ git add con[K[K[KCONTRIBUTING.md
]0;chetan@DESKTOP-HJFUIMN: ~/repositories/chapter2[01;32mchetan@DESKTOP-HJFUIMN[00m:[01;34m~/repositories/chapter2[00m$ git status
On branch main
Your branch is up to date with 'origin/main'.

Changes to be committed:
  (use "git restore --staged <file>..." to unstage)
	[32mnew file:   CONTRIBUTING.md[m
	[32mnew file:   README[m

]0;chetan@DESKTOP-HJFUIMN: ~/repositories/chapter2[01;32mchetan@DESKTOP-HJFUIMN[00m:[01;34m~/repositories/chapter2[00m$ git status -s
[32mA[m  CONTRIBUTING.md
[32mA[m  README
]0;chetan@DESKTOP-HJFUIMN: ~/repositories/chapter2[01;32mchetan@DESKTOP-HJFUIMN[00m:[01;34m~/repositories/chapter2[00m$ cat .gitignore
cat: .gitignore: No such file or directory
]0;chetan@DESKTOP-HJFUIMN: ~/repositories/chapter2[01;32mchetan@DESKTOP-HJFUIMN[00m:[01;34m~/repositories/chapter2[00m$ git status
On branch main
Your branch is up to date with 'origin/main'.

Changes to be committed:
  (use "git restore --staged <file>..." to unstage)
	[32mnew file:   CONTRIBUTING.md[m
	[32mnew file:   README[m

]0;chetan@DESKTOP-HJFUIMN: ~/repositories/chapter2[01;32mchetan@DESKTOP-HJFUIMN[00m:[01;34m~/repositories/chapter2[00m$ git diff
[?1h=[K[?1l>]0;chetan@DESKTOP-HJFUIMN: ~/repositories/chapter2[01;32mchetan@DESKTOP-HJFUIMN[00m:[01;34m~/repositories/chapter2[00m$ git diff --staged
[?1h=[1mdiff --git a/CONTRIBUTING.md b/CONTRIBUTING.md[m[m
[1mnew file mode 100644[m[m
[1mindex 0000000..edf0eff[m[m
[1m--- /dev/null[m[m
[1m+++ b/CONTRIBUTING.md[m[m
[36m@@ -0,0 +1 @@[m[m
[32m+[m[32mhi[m[41m[7m^M[27m[m[m
[1mdiff --git a/README b/README[m[m
[1mnew file mode 100644[m[m
[1mindex 0000000..065bcad[m[m
[1m--- /dev/null[m[m
[1m+++ b/README[m[m
[36m@@ -0,0 +1 @@[m[m
[32m+[m[32mmy project[m[m
[K[?1l>]0;chetan@DESKTOP-HJFUIMN: ~/repositories/chapter2[01;32mchetan@DESKTOP-HJFUIMN[00m:[01;34m~/repositories/chapter2[00m$ git add CONTRIBUTING.md
]0;chetan@DESKTOP-HJFUIMN: ~/repositories/chapter2[01;32mchetan@DESKTOP-HJFUIMN[00m:[01;34m~/repositories/chapter2[00m$ echo "[K'# test line' >> CONTRIBUTING.md
]0;chetan@DESKTOP-HJFUIMN: ~/repositories/chapter2[01;32mchetan@DESKTOP-HJFUIMN[00m:[01;34m~/repositories/chapter2[00m$ git status
On branch main
Your branch is up to date with 'origin/main'.

Changes to be committed:
  (use "git restore --staged <file>..." to unstage)
	[32mnew file:   CONTRIBUTING.md[m
	[32mnew file:   README[m

Changes not staged for commit:
  (use "git add <file>..." to update what will be committed)
  (use "git restore <file>..." to discard changes in working directory)
	[31mmodified:   CONTRIBUTING.md[m

]0;chetan@DESKTOP-HJFUIMN: ~/repositories/chapter2[01;32mchetan@DESKTOP-HJFUIMN[00m:[01;34m~/repositories/chapter2[00m$ git diff
[?1h=[1mdiff --git a/CONTRIBUTING.md b/CONTRIBUTING.md[m[m
[1mindex edf0eff..22b5918 100644[m[m
[1m--- a/CONTRIBUTING.md[m[m
[1m+++ b/CONTRIBUTING.md[m[m
[36m@@ -1 +1,2 @@[m[m
 hi[m[m
[32m+[m[32m# test line[m[m
[K[?1l>]0;chetan@DESKTOP-HJFUIMN: ~/repositories/chapter2[01;32mchetan@DESKTOP-HJFUIMN[00m:[01;34m~/repositories/chapter2[00m$ git diff --cached
[?1h=[1mdiff --git a/CONTRIBUTING.md b/CONTRIBUTING.md[m[m
[1mnew file mode 100644[m[m
[1mindex 0000000..edf0eff[m[m
[1m--- /dev/null[m[m
[1m+++ b/CONTRIBUTING.md[m[m
[36m@@ -0,0 +1 @@[m[m
[32m+[m[32mhi[m[41m[7m^M[27m[m[m
[1mdiff --git a/README b/README[m[m
[1mnew file mode 100644[m[m
[1mindex 0000000..065bcad[m[m
[1m--- /dev/null[m[m
[1m+++ b/README[m[m
[36m@@ -0,0 +1 @@[m[m
[32m+[m[32mmy project[m[m
[K[?1l>]0;chetan@DESKTOP-HJFUIMN: ~/repositories/chapter2[01;32mchetan@DESKTOP-HJFUIMN[00m:[01;34m~/repositories/chapter2[00m$ git commit -m ""f"i"x"[C
[main de5aac4] fix
 2 files changed, 2 insertions(+)
 create mode 100644 CONTRIBUTING.md
 create mode 100644 README
]0;chetan@DESKTOP-HJFUIMN: ~/repositories/chapter2[01;32mchetan@DESKTOP-HJFUIMN[00m:[01;34m~/repositories/chapter2[00m$ git status
On branch main
Your branch is ahead of 'origin/main' by 1 commit.
  (use "git push" to publish your local commits)

Changes not staged for commit:
  (use "git add <file>..." to update what will be committed)
  (use "git restore <file>..." to discard changes in working directory)
	[31mmodified:   CONTRIBUTING.md[m

no changes added to commit (use "git add" and/or "git commit -a")
]0;chetan@DESKTOP-HJFUIMN: ~/repositories/chapter2[01;32mchetan@DESKTOP-HJFUIMN[00m:[01;34m~/repositories/chapter2[00m$ git log
[?1h=[33mcommit de5aac478443146c5c97e0eabf5398be99f7b9f9[m[33m ([m[1;36mHEAD -> [m[1;32mmain[m[33m)[m[m
Author: Chetan <chetan.subramani@tigeranalytics.com>[m
Date:   Wed Feb 2 21:24:05 2022 +0530[m
[m
    fix[m
[m
[33mcommit 1597343bbf4390a9509b7e91739d0a679e341b3c[m[33m ([m[1;31morigin/main[m[33m, [m[1;31morigin/HEAD[m[33m)[m[m
Author: subramanichetan <98823977+subramanichetan@users.noreply.github.com>[m
Date:   Wed Feb 2 20:54:16 2022 +0530[m
[m
    Initial commit[m
[K[?1l>]0;chetan@DESKTOP-HJFUIMN: ~/repositories/chapter2[01;32mchetan@DESKTOP-HJFUIMN[00m:[01;34m~/repositories/chapter2[00m$ git log -p -2
[?1h=[33mcommit de5aac478443146c5c97e0eabf5398be99f7b9f9[m[33m ([m[1;36mHEAD -> [m[1;32mmain[m[33m)[m[m
Author: Chetan <chetan.subramani@tigeranalytics.com>[m
Date:   Wed Feb 2 21:24:05 2022 +0530[m
[m
    fix[m
[m
[1mdiff --git a/CONTRIBUTING.md b/CONTRIBUTING.md[m[m
[1mnew file mode 100644[m[m
[1mindex 0000000..edf0eff[m[m
[1m--- /dev/null[m[m
[1m+++ b/CONTRIBUTING.md[m[m
[36m@@ -0,0 +1 @@[m[m
[32m+[m[32mhi[m[41m[7m^M[27m[m[m
[1mdiff --git a/README b/README[m[m
[1mnew file mode 100644[m[m
[1mindex 0000000..065bcad[m[m
[1m--- /dev/null[m[m
[1m+++ b/README[m[m
[36m@@ -0,0 +1 @@[m[m
[32m+[m[32mmy project[m[m
[m
[33mcommit 1597343bbf4390a9509b7e91739d0a679e341b3c[m[33m ([m[1;31morigin/main[m[33m, [m[1;31morigin/HEAD[m[33m)[m[m
Author: subramanichetan <98823977+subramanichetan@users.noreply.github.com>[m
Date:   Wed Feb 2 20:54:16 2022 +0530[m
[m
:[K[K[?1l>]0;chetan@DESKTOP-HJFUIMN: ~/repositories/chapter2[01;32mchetan@DESKTOP-HJFUIMN[00m:[01;34m~/repositories/chapter2[00m$ git log --stat
[?1h=[33mcommit de5aac478443146c5c97e0eabf5398be99f7b9f9[m[33m ([m[1;36mHEAD -> [m[1;32mmain[m[33m)[m[m
Author: Chetan <chetan.subramani@tigeranalytics.com>[m
Date:   Wed Feb 2 21:24:05 2022 +0530[m
[m
    fix[m
[m
 CONTRIBUTING.md | 1 [32m+[m[m
 README          | 1 [32m+[m[m
 2 files changed, 2 insertions(+)[m
[m
[33mcommit 1597343bbf4390a9509b7e91739d0a679e341b3c[m[33m ([m[1;31morigin/main[m[33m, [m[1;31morigin/HEAD[m[33m)[m[m
Author: subramanichetan <98823977+subramanichetan@users.noreply.github.com>[m
Date:   Wed Feb 2 20:54:16 2022 +0530[m
[m
    Initial commit[m
[m
 README.md | 1 [32m+[m[m
 1 file changed, 1 insertion(+)[m
[K[?1l>]0;chetan@DESKTOP-HJFUIMN: ~/repositories/chapter2[01;32mchetan@DESKTOP-HJFUIMN[00m:[01;34m~/repositories/chapter2[00m$ git log --pretty=oneline
[?1h=[33mde5aac478443146c5c97e0eabf5398be99f7b9f9[m[33m ([m[1;36mHEAD -> [m[1;32mmain[m[33m)[m fix[m
[33m1597343bbf4390a9509b7e91739d0a679e341b3c[m[33m ([m[1;31morigin/main[m[33m, [m[1;31morigin/HEAD[m[33m)[m Initial commit[m
[K[?1l>]0;chetan@DESKTOP-HJFUIMN: ~/repositories/chapter2[01;32mchetan@DESKTOP-HJFUIMN[00m:[01;34m~/repositories/chapter2[00m$ git log --pretty=format:"%h %s" --grapj[Kh
[?1h=* de5aac4 fix[m
* 1597343 Initial commit[m
[K[?1l>]0;chetan@DESKTOP-HJFUIMN: ~/repositories/chapter2[01;32mchetan@DESKTOP-HJFUIMN[00m:[01;34m~/repositories/chapter2[00m$ git commit --amend
hint: Waiting for your editor to close the file... [?2004h[?1049h[22;0;0t[1;26r(B[m[4l[?7h[39;49m[?1h=[?1h=[?25l[39;49m(B[m[H[2J[24;46H(B[0;7m[ Reading... ](B[m[24;45H(B[0;7m[ Read 18 lines ](B[m[H(B[0;7m  GNU nano 4.8             /home/chetan/repositories/chapter2/.git/COMMIT_EDITMSG                        [1;104H(B[m[25d(B[0;7m^G(B[m Get Help    (B[0;7m^O(B[m Write Out   (B[0;7m^W(B[m Where Is    (B[0;7m^K(B[m Cut Text    (B[0;7m^J(B[m Justify     (B[0;7m^C(B[m Cur Pos     (B[0;7mM-U(B[m Undo[26d(B[0;7m^X(B[m Exit[26;16H(B[0;7m^R(B[m Read File   (B[0;7m^\(B[m Replace     (B[0;7m^U(B[m Paste Text  (B[0;7m^T(B[m To Spell    (B[0;7m^_(B[m Go To Line  (B[0;7mM-E(B[m Redo[24d[2d[39;49m(B[mfix[4d[36m# Please enter the commit message for your changes. Lines starting[5d# with '#' will be ignored, and an empty message aborts the commit.[6d#[7d# Date:      Wed Feb 2 21:24:05 2022 +0530[8d#[9d# On branch main[10d# Your branch is ahead of 'origin/main' by 1 commit.[11d#   (use "git push" to publish your local commits)[12d#[13d# Changes to be committed:[14d#       new file:   CONTRIBUTING.md[15d#       new file:   README[16d#[17d# Changes not staged for commit:[18d#       modified:   CONTRIBUTING.md[19d#[2d[39m(B[m[?12l[?25h[?25l[25;16H           (B[0;7mM-D(B[m DOS Format            (B[0;7mM-A(B[m Append[16X[25;79H(B[0;7mM-B(B[m Backup File[K[26;2H(B[0;7mC(B[m Cancel[16G           (B[0;7mM-M(B[m Mac Format            (B[0;7mM-P(B[m Prepend[15X[26;79H(B[0;7m^T(B[m To Files[K[24d(B[0;7mFile Name to Write: /home/chetan/repositories/chapter2/.git/COMMIT_EDITMSG                               [24;1H(B[m[24;75H[?12l[?25h[?25l[24;45H[1K (B[0;7m[ Writing... ](B[m[K[1;104H[24;44H(B[0;7m[ Wrote 18 lines ](B[m[25;16H(B[0;7m^O(B[m Write Out   (B[0;7m^W(B[m Where Is    (B[0;7m^K(B[m Cut Text    (B[0;7m^J(B[m Justify     (B[0;7m^C(B[m Cur Pos     (B[0;7mM-U(B[m Undo[26;2H(B[0;7mX(B[m Exit  [16G(B[0;7m^R(B[m Read File   (B[0;7m^\(B[m Replace     (B[0;7m^U(B[m Paste Text  (B[0;7m^T(B[m To Spell    (B[0;7m^_(B[m Go To Line  (B[0;7mM-E(B[m Redo[24d[2d[?12l[?25h[?25l[24d[J[26d[?12l[?25h[26;1H[?1049l[23;0;0t[?1l>[?2004l[K[main a1a3065] fix
 Date: Wed Feb 2 21:24:05 2022 +0530
 2 files changed, 2 insertions(+)
 create mode 100644 CONTRIBUTING.md
 create mode 100644 README
]0;chetan@DESKTOP-HJFUIMN: ~/repositories/chapter2[01;32mchetan@DESKTOP-HJFUIMN[00m:[01;34m~/repositories/chapter2[00m$ git commit -m 'inital commit'
On branch main
Your branch is ahead of 'origin/main' by 1 commit.
  (use "git push" to publish your local commits)

Changes not staged for commit:
  (use "git add <file>..." to update what will be committed)
  (use "git restore <file>..." to discard changes in working directory)
	[31mmodified:   CONTRIBUTING.md[m

no changes added to commit (use "git add" and/or "git commit -a")
]0;chetan@DESKTOP-HJFUIMN: ~/repositories/chapter2[01;32mchetan@DESKTOP-HJFUIMN[00m:[01;34m~/repositories/chapter2[00m$ git add forgotten [K_file
fatal: pathspec 'forgotten_file' did not match any files
]0;chetan@DESKTOP-HJFUIMN: ~/repositories/chapter2[01;32mchetan@DESKTOP-HJFUIMN[00m:[01;34m~/repositories/chapter2[00m$ git commit --amend
hint: Waiting for your editor to close the file... [?2004h[?1049h[22;0;0t[1;26r(B[m[4l[?7h[39;49m[?1h=[?1h=[?25l[39;49m(B[m[H[2J[24;46H(B[0;7m[ Reading... ](B[m[24;45H(B[0;7m[ Read 18 lines ](B[m[H(B[0;7m  GNU nano 4.8             /home/chetan/repositories/chapter2/.git/COMMIT_EDITMSG                        [1;104H(B[m[25d(B[0;7m^G(B[m Get Help    (B[0;7m^O(B[m Write Out   (B[0;7m^W(B[m Where Is    (B[0;7m^K(B[m Cut Text    (B[0;7m^J(B[m Justify     (B[0;7m^C(B[m Cur Pos     (B[0;7mM-U(B[m Undo[26d(B[0;7m^X(B[m Exit[26;16H(B[0;7m^R(B[m Read File   (B[0;7m^\(B[m Replace     (B[0;7m^U(B[m Paste Text  (B[0;7m^T(B[m To Spell    (B[0;7m^_(B[m Go To Line  (B[0;7mM-E(B[m Redo[24d[2d[39;49m(B[mfix[4d[36m# Please enter the commit message for your changes. Lines starting[5d# with '#' will be ignored, and an empty message aborts the commit.[6d#[7d# Date:      Wed Feb 2 21:24:05 2022 +0530[8d#[9d# On branch main[10d# Your branch is ahead of 'origin/main' by 1 commit.[11d#   (use "git push" to publish your local commits)[12d#[13d# Changes to be committed:[14d#       new file:   CONTRIBUTING.md[15d#       new file:   README[16d#[17d# Changes not staged for commit:[18d#       modified:   CONTRIBUTING.md[19d#[2d[39m(B[m[?12l[?25h[?25l[24d[J[26d[?12l[?25h[26;1H[?1049l[23;0;0t[?1l>[?2004l[K[main a10c3f9] fix
 Date: Wed Feb 2 21:24:05 2022 +0530
 2 files changed, 2 insertions(+)
 create mode 100644 CONTRIBUTING.md
 create mode 100644 README
]0;chetan@DESKTOP-HJFUIMN: ~/repositories/chapter2[01;32mchetan@DESKTOP-HJFUIMN[00m:[01;34m~/repositories/chapter2[00m$ git add *
]0;chetan@DESKTOP-HJFUIMN: ~/repositories/chapter2[01;32mchetan@DESKTOP-HJFUIMN[00m:[01;34m~/repositories/chapter2[00m$ git status
On branch main
Your branch is ahead of 'origin/main' by 1 commit.
  (use "git push" to publish your local commits)

Changes to be committed:
  (use "git restore --staged <file>..." to unstage)
	[32mmodified:   CONTRIBUTING.md[m

]0;chetan@DESKTOP-HJFUIMN: ~/repositories/chapter2[01;32mchetan@DESKTOP-HJFUIMN[00m:[01;34m~/repositories/chapter2[00m$ git reset HEAD CONR[KTRIBUTING.md
Unstaged changes after reset:
M	CONTRIBUTING.md
]0;chetan@DESKTOP-HJFUIMN: ~/repositories/chapter2[01;32mchetan@DESKTOP-HJFUIMN[00m:[01;34m~/repositories/chapter2[00m$ git checkout -- contr[K[K[K[K[KCONTRIBUTING.md
]0;chetan@DESKTOP-HJFUIMN: ~/repositories/chapter2[01;32mchetan@DESKTOP-HJFUIMN[00m:[01;34m~/repositories/chapter2[00m$ git status
On branch main
Your branch is ahead of 'origin/main' by 1 commit.
  (use "git push" to publish your local commits)

nothing to commit, working tree clean
]0;chetan@DESKTOP-HJFUIMN: ~/repositories/chapter2[01;32mchetan@DESKTOP-HJFUIMN[00m:[01;34m~/repositories/chapter2[00m$ git add *
]0;chetan@DESKTOP-HJFUIMN: ~/repositories/chapter2[01;32mchetan@DESKTOP-HJFUIMN[00m:[01;34m~/repositories/chapter2[00m$ git ststat[K[K[K[Katus
On branch main
Your branch is ahead of 'origin/main' by 1 commit.
  (use "git push" to publish your local commits)

nothing to commit, working tree clean
]0;chetan@DESKTOP-HJFUIMN: ~/repositories/chapter2[01;32mchetan@DESKTOP-HJFUIMN[00m:[01;34m~/repositories/chapter2[00m$ git restire[K[K[Kore --staged CONTRIBUTING.md
]0;chetan@DESKTOP-HJFUIMN: ~/repositories/chapter2[01;32mchetan@DESKTOP-HJFUIMN[00m:[01;34m~/repositories/chapter2[00m$ git status
On branch main
Your branch is ahead of 'origin/main' by 1 commit.
  (use "git push" to publish your local commits)

nothing to commit, working tree clean
]0;chetan@DESKTOP-HJFUIMN: ~/repositories/chapter2[01;32mchetan@DESKTOP-HJFUIMN[00m:[01;34m~/repositories/chapter2[00m$ git restoe[Kre CONTRIBUTING.md
]0;chetan@DESKTOP-HJFUIMN: ~/repositories/chapter2[01;32mchetan@DESKTOP-HJFUIMN[00m:[01;34m~/repositories/chapter2[00m$ git status
On branch main
Your branch is ahead of 'origin/main' by 1 commit.
  (use "git push" to publish your local commits)

nothing to commit, working tree clean
]0;chetan@DESKTOP-HJFUIMN: ~/repositories/chapter2[01;32mchetan@DESKTOP-HJFUIMN[00m:[01;34m~/repositories/chapter2[00m$ git remote -v
origin	https://github.com/subramanichetan/chapter2.git (fetch)
origin	https://github.com/subramanichetan/chapter2.git (push)
]0;chetan@DESKTOP-HJFUIMN: ~/repositories/chapter2[01;32mchetan@DESKTOP-HJFUIMN[00m:[01;34m~/repositories/chapter2[00m$ cd grit
bash: cd: grit: No such file or directory
]0;chetan@DESKTOP-HJFUIMN: ~/repositories/chapter2[01;32mchetan@DESKTOP-HJFUIMN[00m:[01;34m~/repositories/chapter2[00m$ git remote
origin
]0;chetan@DESKTOP-HJFUIMN: ~/repositories/chapter2[01;32mchetan@DESKTOP-HJFUIMN[00m:[01;34m~/repositories/chapter2[00m$ git tag
[?1h=[K[?1l>]0;chetan@DESKTOP-HJFUIMN: ~/repositories/chapter2[01;32mchetan@DESKTOP-HJFUIMN[00m:[01;34m~/repositories/chapter2[00m$ git tag -l "v1.8.5*"
[?1h=[K[?1l>]0;chetan@DESKTOP-HJFUIMN: ~/repositories/chapter2[01;32mchetan@DESKTOP-HJFUIMN[00m:[01;34m~/repositories/chapter2[00m$ git push origin main
Username for 'https://github.com': chetan
Password for 'https://chetan@github.com': 
remote: Support for password authentication was removed on August 13, 2021. Please use a personal access token instead.
remote: Please see https://github.blog/2020-12-15-token-authentication-requirements-for-git-operations/ for more information.
fatal: Authentication failed for 'https://github.com/subramanichetan/chapter2.git/'
]0;chetan@DESKTOP-HJFUIMN: ~/repositories/chapter2[01;32mchetan@DESKTOP-HJFUIMN[00m:[01;34m~/repositories/chapter2[00m$ exit
exit

Script done on 2022-02-02 21:57:11+05:30 [COMMAND_EXIT_CODE="128"]
